// Jest Snapshot v1, https://goo.gl/fbAQLP

exports[`snapshot 1`] = `
<div
  className="container"
>
  <div
    className="card detail_card"
  >
    <div
      className="header"
    >
      <img
        src="topic.svg"
      />
      ویرایش تاپيک
    </div>
    <div
      className="content"
    >
      <div
        className="upload"
      >
        <label
          htmlFor="picture"
        >
          <img
            alt="avatar"
            className="picture"
            src="google_images_2.png"
          />
        </label>
        <input
          className="upload_image"
          data-testid="avatar"
          id="picture"
          onChange={[Function]}
          type="file"
        />
      </div>
      <div
        className="inputs_container"
      >
        <div
          className="middle"
        >
          <label>
            عنوان
          </label>
          <div
            className="input_container"
            data-testid="input-container"
          >
            <div
              className="inner_container input_container"
            >
              <div
                className="content"
              >
                <input
                  className="input"
                  data-testid="title"
                  dir="rtl"
                  onBlur={[Function]}
                  onChange={[Function]}
                  onFocus={[Function]}
                  onKeyDown={[Function]}
                  placeholder=""
                  type="text"
                  value=""
                />
              </div>
            </div>
          </div>
        </div>
        <div
          className="below"
        >
          <label>
            توضيح
          </label>
          <div
            className="input_container"
            data-testid="input-container"
          >
            <div
              className="inner_container input_container"
            >
              <div
                className="content"
              >
                <textarea
                  className="input description_input"
                  data-testid="description"
                  onBlur={[Function]}
                  onChange={[Function]}
                  onFocus={[Function]}
                  placeholder=""
                  rows={5}
                  value=""
                />
              </div>
            </div>
          </div>
        </div>
      </div>
    </div>
    <button
      className="ant-btn ant-btn-primary enter_button"
      data-testid="submit"
      onClick={[Function]}
      type="button"
    >
      <span>
        ثبت
      </span>
    </button>
  </div>
</div>
`;
