// Jest Snapshot v1, https://goo.gl/fbAQLP

exports[`snapshot 1`] = `
<div
  className="container"
>
  <div
    className="header"
  >
    <span>
      افزودن نقش
    </span>
    <img
      src="add_user_menu.svg"
    />
  </div>
  <div
    className="content"
  >
    <img
      className="avatar"
      src="add_user.svg"
    />
    <div
      className="container"
    >
      <label
        className="label"
      >
        عنوان نقش
      </label>
      <div
        className="input_container"
      >
        <input
          className="input_class"
          dir="auto"
          onChange={[Function]}
          onKeyDown={[Function]}
          value=""
        />
      </div>
    </div>
    <div
      className="buttons"
    >
      <div
        className="button"
        onClick={[Function]}
        style={
          Object {
            "backgroundColor": undefined,
          }
        }
      >
        نقش جدید
      </div>
      <div
        className="button"
        onClick={[Function]}
        style={
          Object {
            "backgroundColor": "#1354ac",
          }
        }
      >
        ثبت نقش
      </div>
    </div>
  </div>
</div>
`;
