// Jest Snapshot v1, https://goo.gl/fbAQLP

exports[`snapshot 1`] = `
<div>
  <p
    className="NotFound"
  >
    Not Found 404
  </p>
</div>
`;
