// Jest Snapshot v1, https://goo.gl/fbAQLP

exports[`snapshot 1`] = `
<div
  className="button"
  onClick={[MockFunction]}
  style={
    Object {
      "backgroundColor": "#232323",
    }
  }
>
  <span>
    Test Label
  </span>
</div>
`;
